node.exe : ÔÜá `eslint` 
configuration in 
next.config.ts is no 
longer supported. See more 
info here: https://nextjs.o
rg/docs/app/api-reference/c
li/next#next-lint-options
No linha:1 caractere:1
+ & "C:\Program 
Files\nodejs/node.exe" 
"C:\Program 
Files\nodejs/node_mo ...
+ ~~~~~~~~~~~~~~~~~~~~~~~~~
~~~~~~~~~~~~~~~~~~~~~~~~~~~
~~~~~~~~~~~~~~~~~
    + CategoryInfo         
     : NotSpecified: (ÔÜá  
   `eslint` co...xt-lint   
 -options:String) [], R    
emoteException
    + FullyQualifiedErrorI 
   d : NativeCommandError
 
ÔÜá Invalid next.config.ts 
options detected: 
ÔÜá     Unrecognized 
key(s) in object: 'eslint'
ÔÜá See more info here: htt
ps://nextjs.org/docs/messag
es/invalid-next-config
Ôû▓ Next.js 16.2.1 (Turbopack)
- Environments: .env.production, .env

ÔÜá The "middleware" file 
convention is deprecated. 
Please use "proxy" 
instead. Learn more: https:
//nextjs.org/docs/messages/
middleware-to-proxy
  Creating an optimized production build ...
Ô£ô Compiled successfully in 4.5s
  Skipping validation of types
  Finished TypeScript config validation in 35ms ...
  Collecting page data using 11 workers ...
  Generating static pages using 11 workers (0/18) ...
  Generating static pages using 11 workers (4/18) 
  Generating static pages using 11 workers (8/18) 
  Generating static pages using 11 workers (13/18) 
Ô£ô Generating static pages using 11 workers (18/18) in 406ms
  Finalizing page optimization ...

Route (app)
Ôöî Ôùï /
Ôö£ Ôùï /_not-found
Ôö£ ãÆ /auth/callback
Ôö£ Ôùï /auth/login
Ôö£ Ôùï /auth/register
Ôö£ ãÆ /client/dashboard
Ôö£ ãÆ /client/dossier
Ôö£ ãÆ /client/looks
Ôö£ ãÆ /client/profile
Ôö£ ãÆ /client/quiz
Ôö£ ãÆ /client/quiz/archetypes
Ôö£ ãÆ /client/quiz/color
Ôö£ ãÆ /client/quiz/style
Ôö£ ãÆ /client/shop
Ôö£ ãÆ /client/wardrobe
Ôö£ ãÆ /consultant/affiliates
Ôö£ ãÆ /consultant/appointments
Ôö£ ãÆ /consultant/capsule
Ôö£ ãÆ /consultant/clients
Ôö£ ãÆ /consultant/color-analysis
Ôö£ ãÆ /consultant/dashboard
Ôö£ ãÆ /consultant/ebooks
Ôö£ ãÆ /consultant/orders
Ôö£ ãÆ /consultant/partner-stores
Ôö£ ãÆ /consultant/partners
Ôö£ ãÆ /consultant/quizzes
Ôö£ ãÆ /consultant/settings
Ôö£ ãÆ /consultant/shopping-assistant
Ôö£ ãÆ /consultant/shopping-lists
Ôöö ãÆ /consultant/virtual-wardrobe


ãÆ Proxy (Middleware)

Ôùï  (Static)   prerendered as static content
ãÆ  (Dynamic)  server-rendered on demand

