
[1m[46m RUN [49m[22m [36mv4.1.2 [39m[90mC:/Users/israe/aplicatvo marry[39m

 [31mÔØ»[39m src/__tests__/ClientsTable.test.tsx [2m([22m[2m5 tests[22m[2m | [22m[31m2 failed[39m[2m)[22m[33m 1236[2mms[22m[39m
     [32mÔ£ô[39m renderiza os clientes corretamente na tabela[32m 60[2mms[22m[39m
[31m     [31m├ù[31m abre o di├ílogo de cadastro ao clicar no bot├úo "Nova Cliente"[39m[32m 53[2mms[22m[39m
     [32mÔ£ô[39m submete o formul├írio e chama a server action[32m 50[2mms[22m[39m
[31m     [31m├ù[31m exibe erro se a cria├º├úo falhar[39m[33m 1041[2mms[22m[39m
     [32mÔ£ô[39m filtra clientes corretamente via campo de busca[32m 30[2mms[22m[39m
node.exe : 
No linha:1 caractere:1
+ & "C:\Program 
Files\nodejs/node.exe" 
"C:\Program 
Files\nodejs/node_mo ...
+ ~~~~~~~~~~~~~~~~~~~~~~~~~
~~~~~~~~~~~~~~~~~~~~~~~~~~~
~~~~~~~~~~~~~~~~~
    + CategoryInfo         
     : NotSpecified: (:St  
  ring) [], RemoteExcept   
 ion
    + FullyQualifiedErrorI 
   d : NativeCommandError
 
[31mÔÄ»ÔÄ»ÔÄ»ÔÄ»ÔÄ»ÔÄ»ÔÄ»
[39m[1m[41m Failed Tests 
2 [49m[22m[31mÔÄ»ÔÄ»ÔÄ»Ô
Ä»ÔÄ»ÔÄ»ÔÄ»[39m

[41m[1m FAIL [22m[49m s
rc/__tests__/ClientsTable.t
est.tsx[2m > 
[22mClientsTable 
Component[2m > [22mabre 
o di├ílogo de cadastro ao 
clicar no bot├úo "Nova 
Cliente"
[31m[1mTestingLibraryElem
entError[22m[39m: Found 
a label with the text of: 
/nome completo/i, however 
no form control was found 
associated to that label. 
Make sure you're using the 
"for" attribute or 
"aria-labelledby" 
attribute correctly.

Ignored nodes: comments, 
script, style
[36m<body>[39m
  [36m<div>[39m
    [36m<div[39m
      [33mclass[39m=[32m
"space-y-8 pb-24 
md:pb-0"[39m
    [36m>[39m
      [36m<div[39m
        [33manimate[39m=
[32m"[object Object]"[39m
        
[33mclass[39m=[32m"flex 
flex-col md:flex-row 
justify-between 
items-start 
md:items-center gap-6"[39m
        [33minitial[39m=
[32m"[object Object]"[39m
      [36m>[39m
        [36m<div>[39m
          [36m<div[39m
            
[33mclass[39m=[32m"flex 
items-center gap-2 mb-2 
text-primary font-bold 
tracking-[0.2em] uppercase 
text-[10px]"[39m
          [36m>[39m
            [36m<svg[39m
              [33maria-hid
den[39m=[32m"true"[39m
              [33mclass[3
9m=[32m"lucide 
lucide-sparkles w-4 
h-4"[39m
              [33mfill[39
m=[32m"none"[39m
              [33mheight[
39m=[32m"24"[39m
              [33mstroke[
39m=[32m"currentColor"[39
m
              [33mstroke-l
inecap[39m=[32m"round"[3
9m
              [33mstroke-l
inejoin[39m=[32m"round"[
39m
              [33mstroke-w
idth[39m=[32m"2"[39m
              
[33mviewBox[39m=[32m"0 
0 24 24"[39m
              [33mwidth[3
9m=[32m"24"[39m
              [33mxmlns[3
9m=[32m"http://www.w3.org/
2000/svg"[39m
            [36m>[39m
              
[36m<path[39m
                
[33md[39m=[32m"M11.017 
2.814a1 1 0 0 1 1.966 
0l1.051 5.558a2 2 0 0 0 
1.594 1.594l5.558 1.051a1 
1 0 0 1 0 1.966l-5.558 
1.051a2 2 0 0 0-1.594 
1.594l-1.051 5.558a1 1 0 0 
1-1.966 0l-1.051-5.558a2 2 
0 0 0-1.594-1.594l-5.558-1.
051a1 1 0 0 1 
0-1.966l5.558-1.051a2 2 0 
0 0 1.594-1.594z"[39m
              [36m/>[39m
              
[36m<path[39m
                
[33md[39m=[32m"M20 
2v4"[39m
              [36m/>[39m
              
[36m<path[39m
                
[33md[39m=[32m"M22 
4h-4"[39m
              [36m/>[39m
              
[36m<circle[39m
                
[33mcx[39m=[32m"4"[39m
                
[33mcy[39m=[32m"20"[39m
                
[33mr[39m=[32m"2"[39m
              [36m/>[39m
            
[36m</svg>[39m
            [0mGest├úo de 
Portf├│lio[0m
          [36m</div>[39m
          [36m<h1[39m
            [33mclass[39m
=[32m"text-4xl 
md:text-5xl font-serif 
text-foreground 
tracking-tight mb-2"[39m
          [36m>[39m
            [0mCRM de 
Clientes[0m
          [36m</h1>[39m
          [36m<p[39m
            [33mclass[39m
=[32m"text-muted-foregroun
d font-light text-lg 
max-w-2xl 
leading-relaxed"[39m
          [36m>[39m
            [0mGerencie o 
progresso, dossi├¬s e 
descobertas de estilo de 
todas as suas clientes em 
um s├│ lugar.[0m
          [36m</p>[39m
        [36m</div>[39m
        [36m<div[39m
          [33mdata-state[
39m=[32m"closed"[39m
          [33mdata-testid
[39m=[32m"dialog-root"[39
m
        [36m>[39m
          [36m<div>[39m
            
[36m<button[39m
              [33mclass[3
9m=[32m"group/button 
shrink-0 items-center 
justify-center border 
border-transparent 
bg-clip-padding 
whitespace-nowrap 
outline-none select-none 
focus-visible:border-ring 
focus-visible:ring-3 
focus-visible:ring-ring/50 
active:not-aria-[haspopup]:
translate-y-px disabled:poi
nter-events-none 
disabled:opacity-50 aria-in
valid:border-destructive 
aria-invalid:ring-3 aria-in
valid:ring-destructive/20 d
ark:aria-invalid:border-des
tructive/50 dark:aria-inval
id:ring-destructive/40 [&_s
vg]:pointer-events-none 
[&_svg]:shrink-0 [&_svg:not
([class*='size-'])]:size-4 
[a]:hover:bg-primary/80 has
-data-[icon=inline-end]:pr-
2 has-data-[icon=inline-sta
rt]:pl-2 hidden md:flex 
bg-primary 
hover:bg-primary/90 
text-primary-foreground 
gap-3 h-14 px-8 
rounded-2xl shadow-xl 
shadow-primary/20 
transition-all 
hover:scale-[1.02] 
font-bold uppercase 
tracking-widest 
text-xs"[39m
              [33mdata-siz
e[39m=[32m"default"[39m
              [33mdata-slo
t[39m=[32m"button"[39m
              [33mdata-var
iant[39m=[32m"default"[3
9m
            [36m>[39m
              
[36m<svg[39m
                [33maria-h
idden[39m=[32m"true"[39m
                [33mclass
[39m=[32m"lucide 
lucide-user-plus w-5 
h-5"[39m
                [33mfill[
39m=[32m"none"[39m
                [33mheight
[39m=[32m"24"[39m
                [33mstroke
[39m=[32m"currentColor"[
39m
                [33mstroke
-linecap[39m=[32m"round"
[39m
                [33mstroke
-linejoin[39m=[32m"round"
[39m
                [33mstroke
-width[39m=[32m"2"[39m
                
[33mviewBox[39m=[32m"0 
0 24 24"[39m
                [33mwidth
[39m=[32m"24"[39m
                [33mxmlns
[39m=[32m"http://www.w3.or
g/2000/svg"[39m
              [36m>[39m
                
[36m<path[39m
                  
[33md[39m=[32m"M16 
21v-2a4 4 0 0 0-4-4H6a4 4 
0 0 0-4 4v2"[39m
                
[36m/>[39m
                
[36m<circle[39m
                  
[33mcx[39m=[32m"9"[39m
                  
[33mcy[39m=[32m"7"[39m
                  
[33mr[39m=[32m"4"[39m
                
[36m/>[39m
                
[36m<line[39m
                  
[33mx1[39m=[32m"19"[39m
                  
[33mx2[39m=[32m"19"[39m
                  
[33my1[39m=[32m"8"[39m
                  
[33my2[39m=[32m"14"[39m
                
[36m/>[39m
                
[36m<line[39m
                  
[33mx1[39m=[32m"22"[39m
                  
[33mx2[39m=[32m"16"[39m
                  
[33my1[39m=[32m"11"[39m
                  
[33my2[39m=[32m"11"[39m
                
[36m/>[39m
              
[36m</svg>[39m
              [0m Nova 
Cliente[0m
            
[36m</button>[39m
          [36m</div>[39m
          [36m<div[39m
            [33mclass[39m
=[32m"sm:max-w-[500px] 
bg-white/95 
backdrop-blur-xl 
border-none 
md:rounded-[2rem] p-6 
md:p-8 shadow-2xl 
overflow-y-auto 
max-h-[90vh]"[39m
            [33mdata-testi
d[39m=[32m"dialog-content
"[39m
          [36m>[39m
            [36m<div>[39m
              
[36m<div>[39m
                
[36m<span[39m
                  
[33mclass[39m=[32m"flex 
items-center gap-3"[39m
                [36m>[39m
                  
[36m<svg[39m
                    [33mar
ia-hidden[39m=[32m"true"
[39m
                    [33mcl
ass[39m=[32m"lucide 
lucide-user-plus w-6 h-6 
text-primary"[39m
                    [33mfi
ll[39m=[32m"none"[39m
                    [33mhe
ight[39m=[32m"24"[39m
                    [33mst
roke[39m=[32m"currentColo
r"[39m
                    [33mst
roke-linecap[39m=[32m"rou
nd"[39m
                    [33mst
roke-linejoin[39m=[32m"ro
und"[39m
                    [33mst
roke-width[39m=[32m"2"[3
9m
                    
[33mviewBox[39m=[32m"0 
0 24 24"[39m
                    [33mwi
dth[39m=[32m"24"[39m
                    [33mxm
lns[39m=[32m"http://www.w
3.org/2000/svg"[39m
                  
[36m>[39m
                    
[36m<path[39m
                      
[33md[39m=[32m"M16 
21v-2a4 4 0 0 0-4-4H6a4 4 
0 0 0-4 4v2"[39m
                    
[36m/>[39m
                    
[36m<circle[39m
                      
[33mcx[39m=[...
[90m [2mÔØ»[22m 
Object.getElementError node
_modules/@testing-library/d
om/dist/config.js:[2m37:19
[22m[39m
[90m [2mÔØ»[22m 
getAllByLabelText node_modu
les/@testing-library/dom/di
st/queries/label-text.js:[
2m108:40[22m[39m
[90m [2mÔØ»[22m node_mod
ules/@testing-library/dom/d
ist/query-helpers.js:[2m52
:17[22m[39m
[90m [2mÔØ»[22m node_mod
ules/@testing-library/dom/d
ist/query-helpers.js:[2m95
:19[22m[39m
[36m [2mÔØ»[22m src/__te
sts__/ClientsTable.test.tsx
:[2m84:19[22m[39m
    [90m 82|[39m
    [90m 83|[39m     [34
mexpect[39m(screen[33m.[
39m[34mgetByText[39m([32
m'Cadastrar Cliente'[39m))
[33m.[39m[34mtoBeInTheDo
cument[39m()
    [90m 84|[39m     [34
mexpect[39m(screen[33m.[
39m[34mgetByLabelText[39m
([36m/nome completo/i[39m
))[33m.[39m[34mtoBeInThe
Document[39m()
    [90m   |[39m         
          [31m^[39m
    [90m 85|[39m   })
    [90m 86|[39m

[31m[2mÔÄ»ÔÄ»ÔÄ»ÔÄ»ÔÄ»ÔÄ»
ÔÄ»ÔÄ»ÔÄ»ÔÄ»ÔÄ»ÔÄ»ÔÄ»ÔÄ»ÔÄ»
ÔÄ»ÔÄ»ÔÄ»ÔÄ»ÔÄ»ÔÄ»ÔÄ»ÔÄ»ÔÄ»
[1/2]ÔÄ»[22m[39m

[41m[1m FAIL [22m[49m s
rc/__tests__/ClientsTable.t
est.tsx[2m > 
[22mClientsTable 
Component[2m > [22mexibe 
erro se a cria├º├úo falhar
[31m[1mAssertionError[22
m[39m: expected "vi.fn()" 
to be called with 
arguments: [ 'E-mail 
inv├ílido' ][90m

Number of calls: [1m0[22m
[39m

Ignored nodes: comments, 
script, style
[36m<html>[39m
  [36m<head />[39m
  [36m<body>[39m
    [36m<div>[39m
      [36m<div[39m
        [33mclass[39m=[3
2m"space-y-8 pb-24 
md:pb-0"[39m
      [36m>[39m
        [36m<div[39m
          [33manimate[39m
=[32m"[object 
Object]"[39m
          
[33mclass[39m=[32m"flex 
flex-col md:flex-row 
justify-between 
items-start 
md:items-center gap-6"[39m
          [33minitial[39m
=[32m"[object 
Object]"[39m
        [36m>[39m
          [36m<div>[39m
            [36m<div[39m
              
[33mclass[39m=[32m"flex 
items-center gap-2 mb-2 
text-primary font-bold 
tracking-[0.2em] uppercase 
text-[10px]"[39m
            [36m>[39m
              
[36m<svg[39m
                [33maria-h
idden[39m=[32m"true"[39m
                [33mclass
[39m=[32m"lucide 
lucide-sparkles w-4 
h-4"[39m
                [33mfill[
39m=[32m"none"[39m
                [33mheight
[39m=[32m"24"[39m
                [33mstroke
[39m=[32m"currentColor"[
39m
                [33mstroke
-linecap[39m=[32m"round"
[39m
                [33mstroke
-linejoin[39m=[32m"round"
[39m
                [33mstroke
-width[39m=[32m"2"[39m
                
[33mviewBox[39m=[32m"0 
0 24 24"[39m
                [33mwidth
[39m=[32m"24"[39m
                [33mxmlns
[39m=[32m"http://www.w3.or
g/2000/svg"[39m
              [36m>[39m
                
[36m<path[39m
                  
[33md[39m=[32m"M11.017 
2.814a1 1 0 0 1 1.966 
0l1.051 5.558a2 2 0 0 0 
1.594 1.594l5.558 1.051a1 
1 0 0 1 0 1.966l-5.558 
1.051a2 2 0 0 0-1.594 
1.594l-1.051 5.558a1 1 0 0 
1-1.966 0l-1.051-5.558a2 2 
0 0 0-1.594-1.594l-5.558-1.
051a1 1 0 0 1 
0-1.966l5.558-1.051a2 2 0 
0 0 1.594-1.594z"[39m
                
[36m/>[39m
                
[36m<path[39m
                  
[33md[39m=[32m"M20 
2v4"[39m
                
[36m/>[39m
                
[36m<path[39m
                  
[33md[39m=[32m"M22 
4h-4"[39m
                
[36m/>[39m
                
[36m<circle[39m
                  
[33mcx[39m=[32m"4"[39m
                  
[33mcy[39m=[32m"20"[39m
                  
[33mr[39m=[32m"2"[39m
                
[36m/>[39m
              
[36m</svg>[39m
              [0mGest├úo 
de Portf├│lio[0m
            
[36m</div>[39m
            [36m<h1[39m
              [33mclass[3
9m=[32m"text-4xl 
md:text-5xl font-serif 
text-foreground 
tracking-tight mb-2"[39m
            [36m>[39m
              [0mCRM de 
Clientes[0m
            [36m</h1>[39m
            [36m<p[39m
              [33mclass[3
9m=[32m"text-muted-foregro
und font-light text-lg 
max-w-2xl 
leading-relaxed"[39m
            [36m>[39m
              [0mGerencie 
o progresso, dossi├¬s e 
descobertas de estilo de 
todas as suas clientes em 
um s├│ lugar.[0m
            [36m</p>[39m
          [36m</div>[39m
          [36m<div[39m
            [33mdata-state
[39m=[32m"closed"[39m
            [33mdata-testi
d[39m=[32m"dialog-root"[
39m
          [36m>[39m
            [36m<div>[39m
              
[36m<button[39m
                [33mclass
[39m=[32m"group/button 
shrink-0 items-center 
justify-center border 
border-transparent 
bg-clip-padding 
whitespace-nowrap 
outline-none select-none 
focus-visible:border-ring 
focus-visible:ring-3 
focus-visible:ring-ring/50 
active:not-aria-[haspopup]:
translate-y-px disabled:poi
nter-events-none 
disabled:opacity-50 aria-in
valid:border-destructive 
aria-invalid:ring-3 aria-in
valid:ring-destructive/20 d
ark:aria-invalid:border-des
tructive/50 dark:aria-inval
id:ring-destructive/40 [&_s
vg]:pointer-events-none 
[&_svg]:shrink-0 [&_svg:not
([class*='size-'])]:size-4 
[a]:hover:bg-primary/80 has
-data-[icon=inline-end]:pr-
2 has-data-[icon=inline-sta
rt]:pl-2 hidden md:flex 
bg-primary 
hover:bg-primary/90 
text-primary-foreground 
gap-3 h-14 px-8 
rounded-2xl shadow-xl 
shadow-primary/20 
transition-all 
hover:scale-[1.02] 
font-bold uppercase 
tracking-widest 
text-xs"[39m
                [33mdata-s
ize[39m=[32m"default"[39
m
                [33mdata-s
lot[39m=[32m"button"[39m
                [33mdata-v
ariant[39m=[32m"default"
[39m
              [36m>[39m
                
[36m<svg[39m
                  [33maria
-hidden[39m=[32m"true"[3
9m
                  [33mclas
s[39m=[32m"lucide 
lucide-user-plus w-5 
h-5"[39m
                  [33mfill
[39m=[32m"none"[39m
                  [33mheig
ht[39m=[32m"24"[39m
                  [33mstro
ke[39m=[32m"currentColor"
[39m
                  [33mstro
ke-linecap[39m=[32m"round
"[39m
                  [33mstro
ke-linejoin[39m=[32m"roun
d"[39m
                  [33mstro
ke-width[39m=[32m"2"[39m
                  
[33mviewBox[39m=[32m"0 
0 24 24"[39m
                  [33mwidt
h[39m=[32m"24"[39m
                  [33mxmln
s[39m=[32m"http://www.w3.
org/2000/svg"[39m

[2m Test Files [22m [1m[31m1 failed[39m[22m[90m (1)[39m
[2m      Tests [22m [1m[31m2 failed[39m[22m[2m | [22m[1m[32m3 passed[39m[22m[90m (5)[39m
[2m   Start at [22m 01:09:11
[2m   Duration [22m 3.05s[2m (transform 183ms, setup 181ms, import 773ms, tests 1.24s, environment 597ms)[22m

                [36m>[39m
                  
[36m<path[39m
                    
[33md[39m=[32m"M16 
21v-2a4 4 0 0 0-4-4H6a4 4 
0 0 0-4 4v2"[39m
                  
[36m/>[39m
                  
[36m<circle[39m
                    
[33mcx[39m=[32m"9"[39m
                    
[33mcy[39m=[32m"7"[39m
                    
[33mr[39m=[32m"4"[39m
                  
[36m/>[39m
                  
[36m<line[39m
                    
[33mx1[39m=[32m"19"[39m
                    
[33mx2[39m=[32m"19"[39m
                    
[33my1[39m=[32m"8"[39m
                    
[33my2[39m=[32m"14"[39m
                  
[36m/>[39m
                  
[36m<line[39m
                    
[33mx1[39m=[32m"22"[39m
                    
[33mx2[39m=[32m"16"[39m
                    
[33my1[39m=[32m"11"[39m
                    
[33my2[39m=[32m"11"[39m
                  
[36m/>[39m
                
[36m</svg>[39m
                [0m Nova 
Cliente[0m
              
[36m</button>[39m
            
[36m</div>[39m
            [36m<div[39m
              [33mclass[3
9m=[32m"sm:max-w-[500px] 
bg-white/95 
backdrop-blur-xl 
border-none 
md:rounded-[2rem] p-6 
md:p-8 shadow-2xl 
overflow-y-auto 
max-h-[90vh]"[39m
              [33mdata-tes
tid[39m=[32m"dialog-conte
nt"[39m
            [36m>[39m
              
[36m<div>[39m
                
[36m<div>[39m
                  
[36m<span[39m
                    
[33mclass[39m=[32m"flex 
items-center gap-3"[39m
                  
[36m>[39m
                    
[36m<svg[39m
                      [33m
aria-hidden[39m=[32m"true
"[39m
                      [33m
class[39m=[32m"lucide 
lucide-user-plus w-6 h-6 
text-primary"[39m
                      [33m
fill[39m=[32m"none"[39m
                      [33m
height[39m=[32m"24"[39m
                      [33m
stroke[39m=[32m"currentCo
lor"[39m
                      [33m
stroke-linecap[39m=[32m"r
ound"[39m
                      [33m
stroke-linejoin[39m=[32m"
round"[39m
                      [33m
stroke-width[39m=[32m"2"
[39m
                      
[33mviewBox[39m=[32m"0 
0 24 24"[39m
                      [33m
width[39m=[32m"24"[39m
                      [33m
xmlns[39m=[32m"http://ww.
..
[36m [2mÔØ»[22m src/__te
sts__/ClientsTable.test.tsx
:[2m116:27[22m[39m
    [90m114|[39m
    [90m115|[39m     
[35mawait[39m 
[34mwaitFor[39m(() 
[33m=>[39m {
    [90m116|[39m       [
34mexpect[39m(toast[33m.
[39merror)[33m.[39m[34mt
oHaveBeenCalledWith[39m(er
rorMsg)
    [90m   |[39m         
                  
[31m^[39m
    [90m117|[39m     })
    [90m118|[39m   })
[90m [2mÔØ»[22m runWithE
xpensiveErrorDiagnosticsDis
abled node_modules/@testing
-library/dom/dist/config.js
:[2m47:12[22m[39m
[90m [2mÔØ»[22m 
checkCallback node_modules/
@testing-library/dom/dist/w
ait-for.js:[2m124:77[22m
[39m
[90m [2mÔØ»[22m Timeout.
checkRealTimersCallback nod
e_modules/@testing-library/
dom/dist/wait-for.js:[2m11
8:16[22m[39m

[31m[2mÔÄ»ÔÄ»ÔÄ»ÔÄ»ÔÄ»ÔÄ»
ÔÄ»ÔÄ»ÔÄ»ÔÄ»ÔÄ»ÔÄ»ÔÄ»ÔÄ»ÔÄ»
ÔÄ»ÔÄ»ÔÄ»ÔÄ»ÔÄ»ÔÄ»ÔÄ»ÔÄ»ÔÄ»
[2/2]ÔÄ»[22m[39m

