src/__tests__/setup.tsx(22,3): error TS2578: Unused '@ts-expect-error' directive.
src/app/consultant/quizzes/page.tsx(52,45): error TS2322: Type 'QuizWithProfile' is not assignable to type 'Quiz'.
  Types of property 'result_text' are incompatible.
    Type 'string | null' is not assignable to type 'string | undefined'.
      Type 'null' is not assignable to type 'string | undefined'.
