next.config.ts(4,3): error TS2353: Object literal may only specify known properties, and 'eslint' does not exist in type 'NextConfig'.
src/app/consultant/quizzes/page.tsx(52,45): error TS2322: Type 'QuizWithProfile' is not assignable to type 'Quiz'.
  Types of property 'result_text' are incompatible.
    Type 'string | null' is not assignable to type 'string | undefined'.
      Type 'null' is not assignable to type 'string | undefined'.
